[exillcodex.netlify.app/template/index.html]
[backblue.gif]
[fade.gif]
[index.html]
[exillcodex.netlify.app/template/img/favicons/apple-touch-icon.png]
[exillcodex.netlify.app/template/img/favicons/favicon-32x32.png]
[exillcodex.netlify.app/template/img/favicons/favicon-16x16.png]
[exillcodex.netlify.app/template/css/bootstrap-custom.css]
[exillcodex.netlify.app/template/css/ionicons.min.css]
[exillcodex.netlify.app/template/css/owl.carousel.min.css]
[exillcodex.netlify.app/template/css/simplebar.min.css]
[exillcodex.netlify.app/template/css/jquery.mb.YTPlayer.min.css]
[exillcodex.netlify.app/template/css/main.css]
[exillcodex.netlify.app/template/css/colors/main-red.css]
[exillcodex.netlify.app/customizer/main.css]
[exillcodex.netlify.app/template/img/profile-avatar.jpg]
[exillcodex.netlify.app/template/img/home.jpg]
[exillcodex.netlify.app/template/img/about-img.jpg]
[exillcodex.netlify.app/template/img/hire.jpg]
[exillcodex.netlify.app/template/img/item-1.jpg]
[exillcodex.netlify.app/template/img/item-2.jpg]
[exillcodex.netlify.app/template/img/item-3.jpg]
[exillcodex.netlify.app/template/img/item-4.jpg]
[exillcodex.netlify.app/template/img/item-5.jpg]
[exillcodex.netlify.app/template/img/item-6.jpg]
[exillcodex.netlify.app/template/img/client-1.jpg]
[exillcodex.netlify.app/template/img/client-2.jpg]
[exillcodex.netlify.app/template/img/client-3.jpg]
[exillcodex.netlify.app/template/img/post-1.jpg]
[exillcodex.netlify.app/template/img/post-2.jpg]
[exillcodex.netlify.app/template/img/post-3.jpg]
[exillcodex.netlify.app/template/css/colors/main-blueviolet.css]
[exillcodex.netlify.app/template/css/colors/main-nightskyblue.css]
[exillcodex.netlify.app/template/css/colors/main-redpink.css]
[exillcodex.netlify.app/template/css/colors/main-blue.css]
[exillcodex.netlify.app/template/css/colors/main-cyan.css]
[exillcodex.netlify.app/template/css/colors/main-darkblue.css]
[exillcodex.netlify.app/template/css/colors/main-darkmagenta.css]
[exillcodex.netlify.app/template/css/colors/main-darkpink.css]
[exillcodex.netlify.app/template/css/colors/main-darkred.css]
[exillcodex.netlify.app/template/css/colors/main-green.css]
[exillcodex.netlify.app/template/css/colors/main-indigo.css]
[exillcodex.netlify.app/template/css/colors/main-orange.css]
[exillcodex.netlify.app/template/css/colors/main-pink.css]
[exillcodex.netlify.app/template/css/colors/main-purple.css]
[exillcodex.netlify.app/template/css/colors/main-teal.css]
[exillcodex.netlify.app/template/css/colors/main-dark.css]
[exillcodex.netlify.app/template/css/colors/main-yellowgreen.css]
[exillcodex.netlify.app/template/css/colors/main-tangopink.css]
[exillcodex.netlify.app/template/css/colors/main-moodyblue.css]
[exillcodex.netlify.app/template/css/colors/main-brown.css]
[exillcodex.netlify.app/template/css/colors/main-royalblue.css]
[exillcodex.netlify.app/template/js/jquery.min.js]
[exillcodex.netlify.app/template/js/bootstrap.bundle.min.js]
[exillcodex.netlify.app/template/js/isotope.pkgd.min.js]
[exillcodex.netlify.app/template/js/animatedModal.js]
[exillcodex.netlify.app/template/js/owl.carousel.min.js]
[exillcodex.netlify.app/template/js/simplebar.min.js]
[exillcodex.netlify.app/template/js/jquery.mb.YTPlayer.min.js]
[exillcodex.netlify.app/template/js/particles.js]
[exillcodex.netlify.app/template/js/main.js]
[exillcodex.netlify.app/template/js/custom.js]
[exillcodex.netlify.app/customizer/main.js]
[exillcodex.netlify.app/template/index.html]
[exillcodex.netlify.app/template/css/bootstrap-custom.css]
[exillcodex.netlify.app/template/fonts/ionicons9a08.eot]
[exillcodex.netlify.app/template/fonts/ionicons9a08.woff2]
[exillcodex.netlify.app/template/fonts/ionicons9a08.woff]
[exillcodex.netlify.app/template/fonts/ionicons9a08.ttf]
[exillcodex.netlify.app/template/css/ionicons.min.css]
[exillcodex.netlify.app/template/fonts/ionicons9a08.svg]
[exillcodex.netlify.app/template/css/owl.video.play.43.delayed]
[exillcodex.netlify.app/template/css/owl.carousel.min.css]
[exillcodex.netlify.app/template/css/owl.theme.default.min.css]
[exillcodex.netlify.app/template/css/simplebar.min.css]
[exillcodex.netlify.app/template/css/font/ytp-regular.44.delayed]
[exillcodex.netlify.app/template/css/jquery.mb.YTPlayer.min.css]
[exillcodex.netlify.app/template/css/main.css]
[exillcodex.netlify.app/template/css/colors/main-red.css]
[exillcodex.netlify.app/template/css/custom.css]
[exillcodex.netlify.app/customizer/main.css]
[exillcodex.netlify.app/template/css/colors/main-blueviolet.css]
[exillcodex.netlify.app/template/css/colors/main-nightskyblue.css]
[exillcodex.netlify.app/template/css/colors/main-redpink.css]
[exillcodex.netlify.app/template/css/colors/main-blue.css]
[exillcodex.netlify.app/template/css/colors/main-cyan.css]
[exillcodex.netlify.app/template/css/colors/main-darkblue.css]
[exillcodex.netlify.app/template/css/colors/main-darkmagenta.css]
[exillcodex.netlify.app/template/css/colors/main-darkpink.css]
[exillcodex.netlify.app/template/css/colors/main-darkred.css]
[exillcodex.netlify.app/template/css/colors/main-green.css]
[exillcodex.netlify.app/template/css/colors/main-indigo.css]
[exillcodex.netlify.app/template/css/colors/main-orange.css]
[exillcodex.netlify.app/template/css/colors/main-pink.css]
[exillcodex.netlify.app/template/css/colors/main-purple.css]
[exillcodex.netlify.app/template/css/colors/main-teal.css]
[exillcodex.netlify.app/template/css/colors/main-dark.css]
[exillcodex.netlify.app/template/css/colors/main-yellowgreen.css]
[exillcodex.netlify.app/template/css/colors/main-tangopink.css]
[exillcodex.netlify.app/template/css/colors/main-moodyblue.css]
[exillcodex.netlify.app/template/css/colors/main-brown.css]
[exillcodex.netlify.app/template/css/colors/main-royalblue.css]
[exillcodex.netlify.app/template/fonts/ionicons9a08.svg]
[exillcodex.netlify.app/template/css/owl.video.play.html]
[exillcodex.netlify.app/template/css/font/ytp-regular.html]
